// Jest Snapshot v1, https://goo.gl/fbAQLP

exports[`coblocks/highlight edit should render 1`] = `
<React.Fragment>
  <Controls
    attributes={Object {}}
    className="wp-block-coblocks-highlight"
    onReplace={[MockFunction]}
    setAttributes={[MockFunction]}
  />
  <WithColors(WithFontSizes(Inspector))
    attributes={Object {}}
    className="wp-block-coblocks-highlight"
    onReplace={[MockFunction]}
    setAttributes={[MockFunction]}
  />
  <p
    className="wp-block-coblocks-highlight"
    style={
      Object {
        "textAlign": undefined,
      }
    }
  >
    <RichText
      className="wp-block-coblocks-highlight__content"
      keepPlaceholderOnFocus={true}
      onChange={[Function]}
      onRemove={[Function]}
      onSplit={[Function]}
      placeholder="Add highlighted text..."
      style={
        Object {
          "backgroundColor": undefined,
          "color": undefined,
          "fontSize": undefined,
        }
      }
      tagName="mark"
    />
  </p>
</React.Fragment>
`;
