// Jest Snapshot v1, https://goo.gl/fbAQLP

exports[`coblocks/social should render with className 1`] = `"<!-- wp:coblocks/social {\\"className\\":\\"my-custom-class\\"} /-->"`;

exports[`coblocks/social should render with hasColors 1`] = `"<!-- wp:coblocks/social {\\"hasColors\\":false} /-->"`;

exports[`coblocks/social should render with iconSize 1`] = `"<!-- wp:coblocks/social {\\"iconSize\\":\\"22\\"} /-->"`;

exports[`coblocks/social should render with styles 1`] = `"<!-- wp:coblocks/social {\\"className\\":\\"is-style-circular\\"} /-->"`;

exports[`coblocks/social should render with styles 2`] = `"<!-- wp:coblocks/social {\\"className\\":\\"is-style-icon-and-text\\"} /-->"`;

exports[`coblocks/social should render with styles 3`] = `"<!-- wp:coblocks/social {\\"className\\":\\"is-style-text\\"} /-->"`;

exports[`coblocks/social should render with styles 4`] = `"<!-- wp:coblocks/social {\\"className\\":\\"is-style-icon\\"} /-->"`;

exports[`coblocks/social should render with styles 5`] = `"<!-- wp:coblocks/social {\\"className\\":\\"is-style-mask\\"} /-->"`;

exports[`coblocks/social should render with textAlign 1`] = `"<!-- wp:coblocks/social {\\"textAlign\\":\\"left\\"} /-->"`;

exports[`coblocks/social should render with textAlign 2`] = `"<!-- wp:coblocks/social {\\"textAlign\\":\\"center\\"} /-->"`;

exports[`coblocks/social should render with textAlign 3`] = `"<!-- wp:coblocks/social {\\"textAlign\\":\\"right\\"} /-->"`;
