// Jest Snapshot v1, https://goo.gl/fbAQLP

exports[`coblocks/services should render 1`] = `
"<!-- wp:coblocks/services -->
<div class=\\"wp-block-coblocks-services\\"><div class=\\"has-columns has-2-columns has-responsive-columns has-medium-gutter\\"></div></div>
<!-- /wp:coblocks/services -->"
`;
