// Jest Snapshot v1, https://goo.gl/fbAQLP

exports[`coblocks/row should render 1`] = `
"<!-- wp:coblocks/row {\\"columns\\":2} -->
<div class=\\"wp-block-coblocks-row\\" data-columns=\\"2\\"><div class=\\"wp-block-coblocks-row__inner has-medium-gutter has-no-padding has-no-margin\\"></div></div>
<!-- /wp:coblocks/row -->"
`;
