// Jest Snapshot v1, https://goo.gl/fbAQLP

exports[`coblocks/dynamic-separator should render 1`] = `
"<!-- wp:coblocks/dynamic-separator -->
<hr class=\\"wp-block-coblocks-dynamic-separator\\" style=\\"height:50px\\"/>
<!-- /wp:coblocks/dynamic-separator -->"
`;

exports[`coblocks/dynamic-separator should render with className 1`] = `
"<!-- wp:coblocks/dynamic-separator {\\"className\\":\\"my-custom-class\\"} -->
<hr class=\\"wp-block-coblocks-dynamic-separator my-custom-class\\" style=\\"height:50px\\"/>
<!-- /wp:coblocks/dynamic-separator -->"
`;

exports[`coblocks/dynamic-separator should render with color 1`] = `
"<!-- wp:coblocks/dynamic-separator {\\"height\\":null,\\"color\\":\\"primary\\"} -->
<hr class=\\"wp-block-coblocks-dynamic-separator has-background has-primary-color\\"/>
<!-- /wp:coblocks/dynamic-separator -->"
`;

exports[`coblocks/dynamic-separator should render with customColor 1`] = `
"<!-- wp:coblocks/dynamic-separator {\\"customColor\\":\\"#da5d5d\\"} -->
<hr class=\\"wp-block-coblocks-dynamic-separator has-background\\" style=\\"color:#da5d5d;height:50px\\"/>
<!-- /wp:coblocks/dynamic-separator -->"
`;

exports[`coblocks/dynamic-separator should render with height 1`] = `
"<!-- wp:coblocks/dynamic-separator {\\"height\\":\\"200\\"} -->
<hr class=\\"wp-block-coblocks-dynamic-separator\\" style=\\"height:200px\\"/>
<!-- /wp:coblocks/dynamic-separator -->"
`;

exports[`coblocks/dynamic-separator should render with styles 1`] = `
"<!-- wp:coblocks/dynamic-separator {\\"className\\":\\"is-style-dots\\"} -->
<hr class=\\"wp-block-coblocks-dynamic-separator is-style-dots\\" style=\\"height:50px\\"/>
<!-- /wp:coblocks/dynamic-separator -->"
`;

exports[`coblocks/dynamic-separator should render with styles 2`] = `
"<!-- wp:coblocks/dynamic-separator {\\"className\\":\\"is-style-fullwidth\\"} -->
<hr class=\\"wp-block-coblocks-dynamic-separator is-style-fullwidth\\" style=\\"height:50px\\"/>
<!-- /wp:coblocks/dynamic-separator -->"
`;

exports[`coblocks/dynamic-separator should render with styles 3`] = `
"<!-- wp:coblocks/dynamic-separator {\\"className\\":\\"is-style-line\\"} -->
<hr class=\\"wp-block-coblocks-dynamic-separator is-style-line\\" style=\\"height:50px\\"/>
<!-- /wp:coblocks/dynamic-separator -->"
`;
